// Jest Snapshot v1, https://goo.gl/fbAQLP

exports[`<Main /> should render the heading 1`] = `
<main
  class="styles__Wrapper-sc-1cs6c8-0 hvWWdk"
>
  <img
    alt="Imagem de um átomo e React Avançado escrito ao lado."
    class="styles__Logo-sc-1cs6c8-1 kjzhTH"
    src="https://raw.githubusercontent.com/React-Avancado/boilerplate/50bc33baaaf5071f1030329f62e3fae2584614a9/public/img/logo.svg"
  />
  <h1
    class="styles__Title-sc-1cs6c8-2 gcXVYJ"
  >
    React Avançado
  </h1>
  <h2
    class="styles__Description-sc-1cs6c8-3 epwofi"
  >
    Typescript, ReactJS, NextJS e Styled Components
  </h2>
  <img
    alt="Um desenvolvedor de frente para  uma tela com código."
    class="styles__Illustration-sc-1cs6c8-4 kYgUhr"
    src="https://raw.githubusercontent.com/React-Avancado/boilerplate/50bc33baaaf5071f1030329f62e3fae2584614a9/public/img/hero-illustration.svg"
  />
</main>
`;
